
> react-typescript-starter@0.1.0 test
> react-scripts test --coverage

Browserslist: caniuse-lite is outdated. Please run:
  npx browserslist@latest --update-db
  Why you should do it regularly: https://github.com/browserslist/browserslist#browsers-data-updating
FAIL src/App.test.tsx
  ✕ renders the course name somewhere (158 ms)

  ● renders the course name somewhere

    TestingLibraryElementError: Unable to find an element with the text: /CISC498/i. This could be because the text is broken up by multiple elements. In this case, you can provide a function for your text matcher to make your matcher more flexible.

    Ignored nodes: comments, <script />, <style />
    [36m<body[39m
      [33mclass[39m=[32m"modal-open"[39m
      [33mdata-rr-ui-modal-open[39m=[32m""[39m
      [33mstyle[39m=[32m"padding-right: 1024px;"[39m
    [36m>[39m
      [36m<div>[39m
        [36m<div[39m
          [33mclass[39m=[32m"App"[39m
        [36m>[39m
          [36m<header[39m
            [33mclass[39m=[32m"App-header"[39m
          [36m>[39m
            [36m<div[39m
              [33mclass[39m=[32m"container-fluid"[39m
            [36m>[39m
              [36m<div[39m
                [33mclass[39m=[32m"align-items-center row"[39m
                [33mstyle[39m=[32m"position: relative;"[39m
              [36m>[39m
                [36m<div[39m
                  [33mclass[39m=[32m"col-auto"[39m
                  [33mstyle[39m=[32m"position: absolute; left: 0px;"[39m
                [36m>[39m
                  [36m<img[39m
                    [33malt[39m=[32m"Company Logo"[39m
                    [33msrc[39m=[32m"CCHLogo.png"[39m
                    [33mstyle[39m=[32m"width: 175px; height: 70px;"[39m
                  [36m/>[39m
                [36m</div>[39m
                [36m<div[39m
                  [33mclass[39m=[32m"col"[39m
                [36m>[39m
                  [36m<h1[39m
                    [33mstyle[39m=[32m"text-align: center; margin: 0px;"[39m
                  [36m>[39m
                    [0m🧪 UD Center for Clean Hydrogen[0m
                  [36m</h1>[39m
                [36m</div>[39m
              [36m</div>[39m
            [36m</div>[39m
          [36m</header>[39m
          [36m<hr />[39m
          [36m<div[39m
            [33mclass[39m=[32m"container"[39m
          [36m>[39m
            [36m<div[39m
              [33mclass[39m=[32m"justify-content-center row"[39m
              [33mstyle[39m=[32m"gap: 10px;"[39m
            [36m>[39m
              [36m<div[39m
                [33mclass[39m=[32m"col-auto"[39m
              [36m>[39m
                [36m<div>[39m
                  [36m<button[39m
                    [33maria-controls[39m=[32m"about-us-content"[39m
                    [33maria-expanded[39m=[32m"false"[39m
                    [33mclass[39m=[32m"btn btn-primary"[39m
                    [33mstyle[39m=[32m"background-color: rgb(147, 148, 218); border-color: #4d7298; margin: 5px 5px 5px 5px; color: white;"[39m
                    [33mtype[39m=[32m"button"[39m
                  [36m>[39m
                    [0mAbout Us[0m
                  [36m</button>[39m
                  [36m<div[39m
                    [33mclass[39m=[32m"collapse"[39m
                    [33mid[39m=[32m"about-us-content"[39m
                    [33mstyle[39m=[32m"margin-top: 10px; padding: 10px; background-color: rgb(249, 249, 249); border: 1px solid #dddddd; border-radius: 5px;"[39m
                  [36m>[39m
                    [36m<hr />[39m
                    [36m<h6>[39m
                      [0mCCH[0m
                    [36m</h6>[39m
                    [36m<hr />[39m
                    [36m<p>[39m
                      [0mWelcome to the UD Center for Clean Hydrogen! Our mission is to create innovative solutions for a sustainable future by advancing hydrogen energy technologies. We work closely with industry leaders, researchers, and students to promote clean energy and reduce environmental impacts.[0m
                    [36m</p>[39m
                    [36m<hr />[39m
                    [36m<h6>[39m
                      [0mPartnerships[0m
                    [36m</h6>[39m
                    [36m<hr />[39m
                    [36m<p>[39m
                      [0mCCH is a partnership between University of Delaware, West Virginia University, The Chemours Company, Plug Power, and the National Renewable Energy Laboratory (NREL) to help accelerate the transition to a low-carbon future. Founded and led by Dr. Yushan Yan, Henry Belin du Pont Chair of Chemical and Biomolecular Engineering at UD, and CEO of Versogen, and funded initially by the Department of Defense, CCH brings together academic experts and industry innovators to solve the greatest challenge facing our planet today—building a more sustainable energy economy.[0m
                    [36m</p>[39m
                    [36m<hr />[39m
                    [36m<h6>[39m
                      [0mWeb Design Team[0m
                    [36m</h6>[39m
                    [36m<hr />[39m
                    [36m<b>[39m
                      [0mDina Dawood: [0m
                      [36m<code>[39m
                        [0mddawood@udel.edu[0m
                      [36m</code>[39m
                    [36m</b>[39m
                    [36m<br />[39m
                    [36m<b>[39m
                      [0mSollen Gacon: [0m
                      [36m<code>[39m
                        [0msolgacon@udel.edu[0m
                      [36m</code>[39m
                    [36m</b>[39m
                    [36m<br />[39m
                    [36m<b>[39m
                      [0mJordan Photis: [0m
                      [36m<code>[39m
                        [0mjpho@udel.edu[0m
                      [36m</code>[39m
                    [36m</b>[39m
                    [36m<br />[39m
                    [36m<b>[39m
                      [0mSydney Holland: [0m
                      [36m<code>[39m
                        [0msydneymh@udel.edu[0m
                      [36m</code>[39m
                    [36m</b>[39m
                    [36m<br />[39m
                    [36m<b>[39m
                      [0mSharanjit Singh: [0m
                      [36m<code>[39m
                        [0msharansm@udel.edu[0m
                      [36m</code>[39m
                    [36m</b>[39m
                    [36m<br />[39m
                    [36m<b>[39m
                      [0mJoseph Peruyero: [0m
                      [36m<code>[39m
                        [0mperyero@udel.edu[0m
                      [36m</code>[39m
                    [36m</b>[39m
                    [36m<br />[39m
                    [36m<b>[39m
                      [0mAbdulrahman Abdulhamid: [0m
                      [36m<code>[39m
                        [0mbood@udel.edu[0m
                      [36m</code>[39m
                    [36m</b>[39m
                    [36m<hr />[39m
                  [36m</div>[39m
                [36m</div>[39m
              [36m</div>[39m
              [36m<div[39m
                [33mclass[39m=[32m"col-auto"[39m
              [36m>[39m
                [36m<div>[39m
                  [36m<button[39m
                    [33maria-controls[39m=[32m"view-files-content"[39m
                    [33maria-expanded[39m=[32m"false"[39m
                    [33mclass[39m=[32m"btn btn-primary"[39m
                    [33mstyle[39m=[32m"background-color: rgb(147, 148, 218); border-color: #4d7298; margin: 5px 5px 5px 5px; color: white;"[39m
                    [33mtype[39m=[32m"button"[39m
                  [36m>[39m
                    [0mView Files[0m
                  [36m</button>[39m
                  [36m<div[39m
                    [33mclass[39m=[32m"collapse"[39m
                    [33mid[39m=[32m"view-files-content"[39m
                    [33mstyle[39m=[32m"margin-top: 10px;"[39m
                  [36m>[39m
                    [36m<div[39m
                      [33mclass[39m=[32m"mb-3 input-group"[39m
                      [33mstyle[39m=[32m"max-width: 400px; margin: auto;"[39m
                    [36m>[39m
                      [36m<input[39m
                        [33mclass[39m=[32m"form-control"[39m
                        [33mplaceholder[39m=[32m"Search files..."[39m
                        [33mvalue[39m=[32m""[39m
                      [36m/>[39m
                    [36m</div>[39m
                    [36m<div[39m
                      [33mclass[39m=[32m"table-responsive"[39m
                    [36m>[39m
                      [36m<table[39m
                        [33mclass[39m=[32m"table table-striped table-bordered table-hover"[39m
                        [33mstyle[39m=[32m"max-width: 100%; margin: auto;"[39m
                      [36m>[39m
                        [36m<thead>[39m
                          [36m<tr>[39m
                            [36m<th>[39m
                              [0mFile Name[0m
                            [36m</th>[39m
                            [36m<th[39m
                              [33mstyle[39m=[32m"width: 30%;"[39m
                            [36m>[39m
                              [0mActions[0m
                            [36m</th>[39m
                          [36m</tr>[39m
                        [36m</thead>[39m
                        [36m<tbody>[39m
                          [36m<tr>[39m
                            [36m<td>[39m
                              [0mdata1.csv[0m
                            [36m</td>[39m
                            [36m<td>[39m
                              [36m<button[39m
                                [33mclass[39m=[32m"btn btn-danger btn-sm"[39m
                                [33mtype[39m=[32m"button"[39m
                              [36m>[39m
                                [0mDelete[0m
                              [36m</button>[39m
                            [36m</td>[39m
                          [36m</tr>[39m
                          [36m<tr>[39m
                            [36m<td>[39m
                              [0mdata2.csv[0m
                            [36m</td>[39m
                            [36m<td>[39m
                              [36m<button[39m
                                [33mclass[39m=[32m"btn btn-danger btn-sm"[39m
                                [33mtype[39m=[32m"button"[39m
                              [36m>[39m
                                [0mDelete[0m
                              [36m</button>[39m
                            [36m</td>[39m
                          [36m</tr>[39m
                          [36m<tr>[39m
                            [36m<td>[39m
                              [0mdata3.csv[0m
                            [36m</td>[39m
                            [36m<td>[39m
                              [36m<button[39m
                                [33mclass[39m=[32m"btn btn-danger btn-sm"[39m
                                [33mtype[39m=[32m"button"[39m
                              [36m>[39m
                                [0mDelete[0m
                              [36m</button>[39m
                            [36m</td>[39m
                          [36m</tr>[39m
                          [36m<tr>[39m
                            [36m<td>[39m
                              [0mdata4.csv[0m
                            [36m</td>[39m
                            [36m<td>[39m
                              [36m<button[39m
                                [33mclass[39m=[32m"btn btn-danger btn-sm"[39m
                                [33mtype[39m=[32m"button"[39m
                              [36m>[39m
                                [0mDelete[0m
                              [36m</button>[39m
                            [36m</td>[39m
                          [36m</tr>[39m
                          [36m<tr>[39m
                            [36m<td>[39m
                              [0mreport1.csv[0m
                            [36m</td>[39m
                            [36m<td>[39m
                              [36m<button[39m
                                [33mclass[39m=[32m"btn btn-danger btn-sm"[39m
                                [33mtype[39m=[32m"button"[39m
                              [36m>[39m
                                [0mDelete[0m
                              [36m</button>[39m
                            [36m</td>[39m
                          [36m</tr>[39m
                          [36m<tr>[39m
                            [36m<td>[39m
                              [0mreport2.csv[0m
                            [36m</td>[39m
                            [36m<td>[39m
                              [36m<button[39m
                                [33mclass[39m=[32m"btn btn-danger btn-sm"[39m
                                [33mtype[39m=[32m"button"[39m
                              [36m>[39m
                                [0mDelete[0m
                              [36m</button>[39m
                            [36m</td>[39m
                          [36m</tr>[39m
                          [36m<tr>[39m
                            [36m<td>[39m
                              [0mreport3.csv[0m
                            [36m</td>[39m
                            [36m<td>[39m
                              [36m<button[39m
                                [33mclass[39m=[32m"btn btn-danger btn-sm"[39m
                                [33mtype[39m=[32m"button"[39m
                              [36m>[39m
                                [0mDelete[0m
                              [36m</button>[39m
                            [36m</td>[39m
                          [36m</tr>[39m
                          [36m<tr>[39m
                            [36m<td>[39m
                              [0mreport4.csv[0m
                            [36m</td>[39m
                            [36m<td>[39m
                              [36m<button[39m
                                [33mclass[39m=[32m"btn btn-danger btn-sm"[39m
                                [33mtype[39m=[32m"button"[39m
                              [36m>[39m
                                [0mDelete[0m
                              [36m</button>[39m
                            [36m</td>[39m
                          [36m</tr>[39m
                          [36m<tr>[39m
                            [36m<td>[39m
                              [0manalysis1.csv[0m
                            [36m</td>[39m
                            [36m<td>[39m
                              [36m<button[39m
                                [33mclass[39m=[32m"btn btn-danger btn-sm"[39m
                                [33mtype[39m=[32m"button"[39m
                              [36m>[39m
                                [0mDelete[0m
                              [36m</button>[39m
                            [36m</td>[39m
                          [36m</tr>[39m
                          [36m<tr>[39m
                            [36m<td>[39m
                              [0manalysis2.csv[0m
                            [36m</td>[39m
                            [36m<td>[39m
                              [36m<button[39m
                                [33mclass[39m=[32m"btn btn-danger btn-sm"[39m
                                [33mtype[39m=[32m"button"[39m
                              [36m>[39m
                                [0mDelete[0m
                              [36m</button>[39m
                            [36m</td>[39m
                          [36m</tr>[39m
                          [36m<tr>[39m
                            [36m<td>[39m
                              [0manalysis3.csv[0m
                            [36m</td>[39m
                            [36m<td>[39m
                              [36m<button[39m
                                [33mclass[39m=[32m"btn btn-danger btn-sm"[39m
                                [33mtype[39m=[32m"button"[39m
                              [36m>[39m
                                [0mDelete[0m
                              [36m</button>[39m
                            [36m</td>[39m
                          [36m</tr>[39m
                          [36m<tr>[39m
                            [36m<td>[39m
                              [0manalysis4.csv[0m
                            [36m</td>[39m
                            [36m<td>[39m
                              [36m<button[39m
                                [33mclass[39m=[32m"btn btn-danger btn-sm"[39m
                                [33mtype[39m=[32m"button"[39m
                              [36m>[39m
                                [0mDelete[0m
                              [36m</button>[39m
                            [36m</td>[39m
                          [36m</tr>[39m
                        [36m</tbody>[39m
                      [36m</table>[39m
                    [36m</div>[39m
                  [36m</div>[39m
                [36m</div>[39m
              [36m</div>[39m
              [36m<div[39m
                [33mclass[39m=[32m"col-auto"[39m
              [36m>[39m
                [36m<div>[39m
                  [36m<div>[39m
                    [36m<button[39m
                      [33mclass[39m=[32m"btn btn-primary"[39m
                      [33mstyle[39m=[32m"background-color: rgb(147, 148, 218); border-color: #4d7298; margin: 5px 5px 5px 5px; color: white;"[39m
                      [33mtype[39m=[32m"button"[39m
                    [36m>[39m
                      [0mImport CSV[0m
                    [36m</button>[39m
                  [36m</div>[39m
                  [36m<div />[39m
                [36m</div>[39m
              [36m</div>[39m
              [36m<div[39m
                [33mclass[39m=[32m"col-auto"[39m
              [36m>[39m
                [36m<div>[39m
                  [36m<button[39m
                    [33mclass[39m=[32m"btn btn-primary"[39m
                    [33mstyle[39m=[32m"background-color: rgb(147, 148, 218); border-color: #4d7298; margin: 5px 5px 5px 5px; color: white;"[39m
                    [33mtype[39m=[32m"button"[39m
                  [36m>[39m
                    [0mExport CSV[0m
                  [36m</button>[39m
                [36m</div>[39m
              [36m</div>[39m
              [36m<div[39m
                [33mclass[39m=[32m"col-auto"[39m
              [36m>[39m
                [36m<div[39m
                  [33mclass[39m=[32m"Help"[39m
                [36m>[39m
                  [36m<div>[39m
                    [36m<button[39m
                      [33mclass[39m=[32m"btn btn-primary"[39m
                      [33mstyle[39m=[32m"background-color: rgb(147, 148, 218); border-color: #4d7298; margin: 5px 5px 5px 5px; color: white;"[39m
                      [33mtype[39m=[32m"button"[39m
                    [36m>[39m
                      [0mNeed Help❓[0m
                    [36m</button>[39m
                  [36m</div>[39m
                [36m</div>[39m
              [36m</div>[39m
              [36m<div[39m
                [33mclass[39m=[32m"col-auto"[39m
              [36m>[39m
                [36m<div>[39m
                  [36m<button[39m
                    [33mclass[39m=[32m"btn btn-primary"[39m
                    [33mstyle[39m=[32m"background-color: rgb(147, 148, 218); border-color: #4d7298; margin: 5px 5px 5px 5px; color: white;"[39m
                    [33mtype[39m=[32m"button"[39m
                  [36m>[39m
                    [0mContact Us[0m
                  [36m</button>[39m
                [36m</div>[39m
              [36m</div>[39m
            [36m</div>[39m
          [36m</div>[39m
          [36m<hr />[39m
          [36m<img[39m
            [33malt[39m=[32m"Company Mission"[39m
            [33msrc[39m=[32m"mission_etc.png"[39m
            [33mstyle[39m=[32m"width: 100%; height: 100%;"[39m
          [36m/>[39m
          [36m<footer[39m
            [33mstyle[39m=[32m"text-align: center; margin-top: auto;"[39m
          [36m>[39m
            [36m<img[39m
              [33malt[39m=[32m"Company Contact"[39m
              [33msrc[39m=[32m"CCHBottomLogo.png"[39m
              [33mstyle[39m=[32m"width: 100%; height: 100%;"[39m
            [36m/>[39m
          [36m</footer>[39m
        [36m</div>[39m
      [36m</div>[39m
      [36m<div[39m
        [33mclass[39m=[32m"fade modal-backdrop show"[39m
      [36m/>[39m
      [36m<div[39m
        [33maria-modal[39m=[32m"true"[39m
        [33mclass[39m=[32m"fade modal show"[39m
        [33mrole[39m=[32m"dialog"[39m
        [33mstyle[39m=[32m"display: block; padding-right: 0px;"[39m
        [33mtabindex[39m=[32m"-1"[39m
      [36m>[39m
        [36m<div[39m
          [33mclass[39m=[32m"modal-dialog"[39m
        [36m>[39m
          [36m<div[39m
            [33mclass[39m=[32m"modal-content"[39m
          [36m>[39m
            [36m<div[39m
              [33mclass[39m=[32m"modal-header"[39m
            [36m>[39m
              [36m<div[39m
                [33mclass[39m=[32m"modal-title h4"[39m
              [36m>[39m
                [0mWelcome to your interface![0m
              [36m</div>[39m
            [36m</div>[39m
            [36m<div[39m
              [33mclass[39m=[32m"modal-body"[39m
            [36m>[39m
              [36m<div[39m
                [33mstyle[39m=[32m"display: flex; gap: 10px; justify-content: center; align-items: center;"[39m
              [36m>[39m
                [36m<ul>[39m
                  [36m<li>[39m
                    [0mView a list of all cloud files[0m
                  [36m</li>[39m
                  [36m<li>[39m
                    [0mInsert or remove any files[0m
                  [36m</li>[39m
                  [36m<li>[39m
                    [0mImport a CSV file and convert[0m
                  [36m</li>[39m
                  [36m<li>[39m
                    [0mExport your cloud files into a CSV file[0m
                  [36m</li>[39m
                [36m</ul>[39m
              [36m</div>[39m
            [36m</div>[39m
            [36m<div[39m
              [33mclass[39m=[32m"modal-footer"[39m
            [36m>[39m
              [36m<button[39m
                [33mclass[39m=[32m"btn btn-primary"[39m
                [33mdata-testid[39m=[32m"closeModHelp"[39m
                [33mtype[39m=[32m"button"[39m
              [36m>[39m
                [0mClose[0m
              [36m</button>[39m
            [36m</div>[39m
          [36m</div>[39m
        [36m</div>[39m
      [36m</div>[39m
    [36m</body>[39m

       5 | test("renders the course name somewhere", () => {
       6 |     render(<App />);
    >  7 |     const linkElement = screen.getByText(/CISC498/i);
         |                                ^
       8 |     expect(linkElement).toBeInTheDocument();
       9 | });
      10 |

      at Object.getElementError (node_modules/@testing-library/dom/dist/config.js:38:19)
      at node_modules/@testing-library/dom/dist/query-helpers.js:90:38
      at node_modules/@testing-library/dom/dist/query-helpers.js:62:17
      at getByText (node_modules/@testing-library/dom/dist/query-helpers.js:111:19)
      at Object.<anonymous> (src/App.test.tsx:7:32)
      at TestScheduler.scheduleTests (node_modules/@jest/core/build/TestScheduler.js:333:13)
      at runJest (node_modules/@jest/core/build/runJest.js:404:19)
      at _run10000 (node_modules/@jest/core/build/cli/index.js:320:7)
      at runCLI (node_modules/@jest/core/build/cli/index.js:173:3)

----------------|---------|----------|---------|---------|-------------------
File            | % Stmts | % Branch | % Funcs | % Lines | Uncovered Line #s 
----------------|---------|----------|---------|---------|-------------------
All files       |   49.42 |       10 |   27.77 |   56.57 |                   
 src            |      50 |      100 |    9.09 |   71.42 |                   
  App.tsx       |      50 |      100 |    9.09 |   71.42 | 34,44-45,103      
 src/Components |   49.25 |       10 |      36 |   53.22 |                   
  AboutUs.tsx   |      75 |      100 |      50 |      75 | 11                
  ContactUs.tsx |   57.14 |      100 |      20 |   66.66 | 18-19,24-25       
  ExportCSV.tsx |   27.77 |        0 |      40 |   29.41 | 28-41,70          
  FileData.tsx  |     100 |      100 |     100 |     100 |                   
  Help.tsx      |   66.66 |      100 |   33.33 |     100 |                   
  ImportCSV.tsx |   35.71 |        0 |      25 |   35.71 | 22-24,29-32,73-74 
  ViewFiles.tsx |      70 |       50 |      50 |      70 | 35-59,85          
----------------|---------|----------|---------|---------|-------------------
Test Suites: 1 failed, 1 total
Tests:       1 failed, 1 total
Snapshots:   0 total
Time:        2.09 s
Ran all test suites.
